// Jest Snapshot v1, https://goo.gl/fbAQLP

exports[`Accordion Component renders empty <li> when given no props 1`] = `<ul />`;
