// Jest Snapshot v1, https://goo.gl/fbAQLP

exports[`TheDate Component renders UI as expected 1`] = `
<div>
  5/4/2019, 10:03:48 PM
</div>
`;
